// Jest Snapshot v1, https://goo.gl/fbAQLP

exports[`GifExpertApp Should to show a list of categories 1`] = `
<Fragment>
  <h1>
    Gif Expert App
  </h1>
  <AddCategory
    setCategories={[Function]}
  />
  <hr />
  <ol>
    <GifGrid
      category="Dragon Ball"
      key="Dragon Ball"
    />
    <GifGrid
      category="Naruto"
      key="Naruto"
    />
  </ol>
</Fragment>
`;

exports[`GifExpertApp should render correctly 1`] = `
<Fragment>
  <h1>
    Gif Expert App
  </h1>
  <AddCategory
    setCategories={[Function]}
  />
  <hr />
  <ol>
    <GifGrid
      category="Dragon Ball"
      key="Dragon Ball"
    />
    <GifGrid
      category="Naruto"
      key="Naruto"
    />
  </ol>
</Fragment>
`;
